// Jest Snapshot v1, https://goo.gl/fbAQLP

exports[`when SquareButton is fully rendered renders correctly 1`] = `
ShallowWrapper {
  Symbol(enzyme.__root__): [Circular],
  Symbol(enzyme.__unrendered__): <SquareButton
    color="red"
    onPress={[MockFunction]}
    text="Test"
    textColor="white"
  />,
  Symbol(enzyme.__renderer__): Object {
    "batchedUpdates": [Function],
    "getNode": [Function],
    "render": [Function],
    "simulateError": [Function],
    "simulateEvent": [Function],
    "unmount": [Function],
  },
  Symbol(enzyme.__node__): Object {
    "instance": null,
    "key": undefined,
    "nodeType": "class",
    "props": Object {
      "activeOpacity": 0.2,
      "children": <Component
        style={
          Object {
            "backgroundColor": "red",
            "borderRadius": 5,
            "flex": 1,
            "height": 50,
            "justifyContent": "center",
          }
        }
      >
        <Text
          accessible={true}
          allowFontScaling={true}
          ellipsizeMode="tail"
          style={
            Object {
              "alignSelf": "center",
              "color": "white",
            }
          }
        >
          Test
        </Text>
      </Component>,
      "onPress": [MockFunction],
      "style": Object {
        "margin": 16,
      },
    },
    "ref": null,
    "rendered": Object {
      "instance": null,
      "key": undefined,
      "nodeType": "class",
      "props": Object {
        "children": <Text
          accessible={true}
          allowFontScaling={true}
          ellipsizeMode="tail"
          style={
            Object {
              "alignSelf": "center",
              "color": "white",
            }
          }
        >
          Test
        </Text>,
        "style": Object {
          "backgroundColor": "red",
          "borderRadius": 5,
          "flex": 1,
          "height": 50,
          "justifyContent": "center",
        },
      },
      "ref": null,
      "rendered": Object {
        "instance": null,
        "key": undefined,
        "nodeType": "class",
        "props": Object {
          "accessible": true,
          "allowFontScaling": true,
          "children": "Test",
          "ellipsizeMode": "tail",
          "style": Object {
            "alignSelf": "center",
            "color": "white",
          },
        },
        "ref": null,
        "rendered": "Test",
        "type": [Function],
      },
      "type": [Function],
    },
    "type": [Function],
  },
  Symbol(enzyme.__nodes__): Array [
    Object {
      "instance": null,
      "key": undefined,
      "nodeType": "class",
      "props": Object {
        "activeOpacity": 0.2,
        "children": <Component
          style={
            Object {
              "backgroundColor": "red",
              "borderRadius": 5,
              "flex": 1,
              "height": 50,
              "justifyContent": "center",
            }
          }
        >
          <Text
            accessible={true}
            allowFontScaling={true}
            ellipsizeMode="tail"
            style={
              Object {
                "alignSelf": "center",
                "color": "white",
              }
            }
          >
            Test
          </Text>
        </Component>,
        "onPress": [MockFunction],
        "style": Object {
          "margin": 16,
        },
      },
      "ref": null,
      "rendered": Object {
        "instance": null,
        "key": undefined,
        "nodeType": "class",
        "props": Object {
          "children": <Text
            accessible={true}
            allowFontScaling={true}
            ellipsizeMode="tail"
            style={
              Object {
                "alignSelf": "center",
                "color": "white",
              }
            }
          >
            Test
          </Text>,
          "style": Object {
            "backgroundColor": "red",
            "borderRadius": 5,
            "flex": 1,
            "height": 50,
            "justifyContent": "center",
          },
        },
        "ref": null,
        "rendered": Object {
          "instance": null,
          "key": undefined,
          "nodeType": "class",
          "props": Object {
            "accessible": true,
            "allowFontScaling": true,
            "children": "Test",
            "ellipsizeMode": "tail",
            "style": Object {
              "alignSelf": "center",
              "color": "white",
            },
          },
          "ref": null,
          "rendered": "Test",
          "type": [Function],
        },
        "type": [Function],
      },
      "type": [Function],
    },
  ],
  Symbol(enzyme.__options__): Object {
    "adapter": ReactSixteenAdapter {
      "options": Object {
        "enableComponentDidUpdateOnSetState": true,
        "lifecycles": Object {
          "componentDidUpdate": Object {
            "onSetState": true,
          },
          "getDerivedStateFromProps": true,
          "getSnapshotBeforeUpdate": true,
          "setState": Object {
            "skipsComponentDidUpdateOnNullish": true,
          },
        },
      },
    },
  },
}
`;
