// Jest Snapshot v1, https://goo.gl/fbAQLP

exports[`when EditTodo is fully rendered renders correctly 1`] = `
ShallowWrapper {
  Symbol(enzyme.__root__): [Circular],
  Symbol(enzyme.__unrendered__): <EditTodo
    navigation={
      Object {
        "state": Object {
          "params": Object {
            "todo": Object {
              "completed": false,
              "id": 1,
              "title": "test",
              "user_id": 1,
            },
          },
        },
      }
    }
  />,
  Symbol(enzyme.__renderer__): Object {
    "batchedUpdates": [Function],
    "getNode": [Function],
    "render": [Function],
    "simulateError": [Function],
    "simulateEvent": [Function],
    "unmount": [Function],
  },
  Symbol(enzyme.__node__): Object {
    "instance": null,
    "key": undefined,
    "nodeType": "class",
    "props": Object {
      "children": Array [
        <Connect(TodoInput)
          fieldName="user_id"
          title="User"
          type="numeric"
          value={1}
        />,
        <Connect(TodoInput)
          fieldName="title"
          title="Title"
          type="text"
          value="test"
        />,
        <Connect(TodoInput)
          fieldName="completed"
          title="Completed"
          type="switch"
          value={false}
        />,
        <SquareButton
          color="#4688f1"
          onPress={[Function]}
          text="Save"
          textColor="white"
        />,
      ],
      "style": Object {
        "backgroundColor": "white",
        "flex": 1,
      },
    },
    "ref": null,
    "rendered": Array [
      Object {
        "instance": null,
        "key": undefined,
        "nodeType": "class",
        "props": Object {
          "fieldName": "user_id",
          "title": "User",
          "type": "numeric",
          "value": 1,
        },
        "ref": null,
        "rendered": null,
        "type": [Function],
      },
      Object {
        "instance": null,
        "key": undefined,
        "nodeType": "class",
        "props": Object {
          "fieldName": "title",
          "title": "Title",
          "type": "text",
          "value": "test",
        },
        "ref": null,
        "rendered": null,
        "type": [Function],
      },
      Object {
        "instance": null,
        "key": undefined,
        "nodeType": "class",
        "props": Object {
          "fieldName": "completed",
          "title": "Completed",
          "type": "switch",
          "value": false,
        },
        "ref": null,
        "rendered": null,
        "type": [Function],
      },
      Object {
        "instance": null,
        "key": undefined,
        "nodeType": "function",
        "props": Object {
          "color": "#4688f1",
          "onPress": [Function],
          "text": "Save",
          "textColor": "white",
        },
        "ref": null,
        "rendered": null,
        "type": [Function],
      },
    ],
    "type": [Function],
  },
  Symbol(enzyme.__nodes__): Array [
    Object {
      "instance": null,
      "key": undefined,
      "nodeType": "class",
      "props": Object {
        "children": Array [
          <Connect(TodoInput)
            fieldName="user_id"
            title="User"
            type="numeric"
            value={1}
          />,
          <Connect(TodoInput)
            fieldName="title"
            title="Title"
            type="text"
            value="test"
          />,
          <Connect(TodoInput)
            fieldName="completed"
            title="Completed"
            type="switch"
            value={false}
          />,
          <SquareButton
            color="#4688f1"
            onPress={[Function]}
            text="Save"
            textColor="white"
          />,
        ],
        "style": Object {
          "backgroundColor": "white",
          "flex": 1,
        },
      },
      "ref": null,
      "rendered": Array [
        Object {
          "instance": null,
          "key": undefined,
          "nodeType": "class",
          "props": Object {
            "fieldName": "user_id",
            "title": "User",
            "type": "numeric",
            "value": 1,
          },
          "ref": null,
          "rendered": null,
          "type": [Function],
        },
        Object {
          "instance": null,
          "key": undefined,
          "nodeType": "class",
          "props": Object {
            "fieldName": "title",
            "title": "Title",
            "type": "text",
            "value": "test",
          },
          "ref": null,
          "rendered": null,
          "type": [Function],
        },
        Object {
          "instance": null,
          "key": undefined,
          "nodeType": "class",
          "props": Object {
            "fieldName": "completed",
            "title": "Completed",
            "type": "switch",
            "value": false,
          },
          "ref": null,
          "rendered": null,
          "type": [Function],
        },
        Object {
          "instance": null,
          "key": undefined,
          "nodeType": "function",
          "props": Object {
            "color": "#4688f1",
            "onPress": [Function],
            "text": "Save",
            "textColor": "white",
          },
          "ref": null,
          "rendered": null,
          "type": [Function],
        },
      ],
      "type": [Function],
    },
  ],
  Symbol(enzyme.__options__): Object {
    "adapter": ReactSixteenAdapter {
      "options": Object {
        "enableComponentDidUpdateOnSetState": true,
        "lifecycles": Object {
          "componentDidUpdate": Object {
            "onSetState": true,
          },
          "getDerivedStateFromProps": true,
          "getSnapshotBeforeUpdate": true,
          "setState": Object {
            "skipsComponentDidUpdateOnNullish": true,
          },
        },
      },
    },
  },
}
`;
